$ tsc --noEmit
src/app/returns/page.tsx(65,38): error TS18048: 'sc' is possibly 'undefined'.
src/app/returns/page.tsx(74,149): error TS18048: 'sc' is possibly 'undefined'.
src/app/returns/page.tsx(74,197): error TS18048: 'sc' is possibly 'undefined'.
../../packages/auth/src/config.ts(73,12): error TS2352: Conversion of type 'AdapterUser & User' to type '{ role: UserRole; }' may be a mistake because neither type sufficiently overlaps with the other. If this was intentional, convert the expression to 'unknown' first.
  Property 'role' is missing in type 'AdapterUser & User' but required in type '{ role: UserRole; }'.
../../packages/auth/src/config.ts(74,12): error TS2352: Conversion of type 'AdapterUser & User' to type '{ language: string; }' may be a mistake because neither type sufficiently overlaps with the other. If this was intentional, convert the expression to 'unknown' first.
  Property 'language' is missing in type 'AdapterUser & User' but required in type '{ language: string; }'.
../../packages/database/src/services/admin.ts(73,5): error TS2375: Type '{ status: $Enums.DocumentStatus; reviewedAt: Date; reviewedBy: string; rejectionReason: string | undefined; }' is not assignable to type '(Without<SellerDocumentUpdateInput, SellerDocumentUncheckedUpdateInput> & SellerDocumentUncheckedUpdateInput) | (Without<...> & SellerDocumentUpdateInput)' with 'exactOptionalPropertyTypes: true'. Consider adding 'undefined' to the types of the target's properties.
  Type '{ status: $Enums.DocumentStatus; reviewedAt: Date; reviewedBy: string; rejectionReason: string | undefined; }' is not assignable to type 'Without<SellerDocumentUncheckedUpdateInput, SellerDocumentUpdateInput> & SellerDocumentUpdateInput' with 'exactOptionalPropertyTypes: true'. Consider adding 'undefined' to the types of the target's properties.
    Type '{ status: $Enums.DocumentStatus; reviewedAt: Date; reviewedBy: string; rejectionReason: string | undefined; }' is not assignable to type 'SellerDocumentUpdateInput' with 'exactOptionalPropertyTypes: true'. Consider adding 'undefined' to the types of the target's properties.
      Types of property 'rejectionReason' are incompatible.
        Type 'string | undefined' is not assignable to type 'string | NullableStringFieldUpdateOperationsInput | null'.
          Type 'undefined' is not assignable to type 'string | NullableStringFieldUpdateOperationsInput | null'.
../../packages/database/src/services/admin.ts(80,5): error TS2375: Type '{ status: $Enums.DocumentStatus; reviewedAt: Date; rejectionReason: string | undefined; }' is not assignable to type '(Without<ProductComplianceDocumentUpdateInput, ProductComplianceDocumentUncheckedUpdateInput> & ProductComplianceDocumentUncheckedUpdateInput) | (Without<...> & ProductComplianceDocumentUpdateInput)' with 'exactOptionalPropertyTypes: true'. Consider adding 'undefined' to the types of the target's properties.
  Type '{ status: $Enums.DocumentStatus; reviewedAt: Date; rejectionReason: string | undefined; }' is not assignable to type 'Without<ProductComplianceDocumentUncheckedUpdateInput, ProductComplianceDocumentUpdateInput> & ProductComplianceDocumentUpdateInput' with 'exactOptionalPropertyTypes: true'. Consider adding 'undefined' to the types of the target's properties.
    Type '{ status: $Enums.DocumentStatus; reviewedAt: Date; rejectionReason: string | undefined; }' is not assignable to type 'ProductComplianceDocumentUpdateInput' with 'exactOptionalPropertyTypes: true'. Consider adding 'undefined' to the types of the target's properties.
      Types of property 'rejectionReason' are incompatible.
        Type 'string | undefined' is not assignable to type 'string | NullableStringFieldUpdateOperationsInput | null'.
          Type 'undefined' is not assignable to type 'string | NullableStringFieldUpdateOperationsInput | null'.
../../packages/database/src/services/inventory.ts(49,35): error TS2375: Type '{ stockId: string; type: "IN" | "OUT" | "ADJUSTMENT"; qty: number; reference: string | undefined; notes: string | undefined; createdBy: string | undefined; }' is not assignable to type '(Without<InventoryMovementCreateInput, InventoryMovementUncheckedCreateInput> & InventoryMovementUncheckedCreateInput) | (Without<...> & InventoryMovementCreateInput)' with 'exactOptionalPropertyTypes: true'. Consider adding 'undefined' to the types of the target's properties.
  Type '{ stockId: string; type: "IN" | "OUT" | "ADJUSTMENT"; qty: number; reference: string | undefined; notes: string | undefined; createdBy: string | undefined; }' is not assignable to type 'Without<InventoryMovementCreateInput, InventoryMovementUncheckedCreateInput> & InventoryMovementUncheckedCreateInput' with 'exactOptionalPropertyTypes: true'. Consider adding 'undefined' to the types of the target's properties.
    Type '{ stockId: string; type: "IN" | "OUT" | "ADJUSTMENT"; qty: number; reference: string | undefined; notes: string | undefined; createdBy: string | undefined; }' is not assignable to type 'InventoryMovementUncheckedCreateInput' with 'exactOptionalPropertyTypes: true'. Consider adding 'undefined' to the types of the target's properties.
      Types of property 'reference' are incompatible.
        Type 'string | undefined' is not assignable to type 'string | null'.
          Type 'undefined' is not assignable to type 'string | null'.
../../packages/database/src/services/listing-health.ts(96,105): error TS2339: Property 'data' does not exist on type '{ data: ProductIssueCreateManyInput | ProductIssueCreateManyInput[]; skipDuplicates?: boolean; } | undefined'.
../../packages/database/src/services/orders.ts(57,9): error TS2322: Type '{ productId: string; variantId: string | undefined; sellerId: string; sku: string; nameEn: string; nameAr: string; quantity: number; unitPrice: number; vatRate: number; vatAmount: number; total: number; }[]' is not assignable to type '(Without<OrderItemCreateWithoutOrderInput, OrderItemUncheckedCreateWithoutOrderInput> & OrderItemUncheckedCreateWithoutOrderInput) | (Without<...> & OrderItemCreateWithoutOrderInput) | OrderItemCreateWithoutOrderInput[] | OrderItemUncheckedCreateWithoutOrderInput[] | undefined'.
  Type '{ productId: string; variantId: string | undefined; sellerId: string; sku: string; nameEn: string; nameAr: string; quantity: number; unitPrice: number; vatRate: number; vatAmount: number; total: number; }[]' is not assignable to type 'OrderItemCreateWithoutOrderInput[]'.
    Property 'product' is missing in type '{ productId: string; variantId: string | undefined; sellerId: string; sku: string; nameEn: string; nameAr: string; quantity: number; unitPrice: number; vatRate: number; vatAmount: number; total: number; }' but required in type 'OrderItemCreateWithoutOrderInput'.
../../packages/database/src/services/orders.ts(95,36): error TS2375: Type '{ orderId: string; status: $Enums.OrderStatus; message: string | undefined; actorId: string | undefined; }' is not assignable to type '(Without<OrderStatusHistoryCreateInput, OrderStatusHistoryUncheckedCreateInput> & OrderStatusHistoryUncheckedCreateInput) | (Without<...> & OrderStatusHistoryCreateInput)' with 'exactOptionalPropertyTypes: true'. Consider adding 'undefined' to the types of the target's properties.
  Type '{ orderId: string; status: $Enums.OrderStatus; message: string | undefined; actorId: string | undefined; }' is not assignable to type 'Without<OrderStatusHistoryCreateInput, OrderStatusHistoryUncheckedCreateInput> & OrderStatusHistoryUncheckedCreateInput' with 'exactOptionalPropertyTypes: true'. Consider adding 'undefined' to the types of the target's properties.
    Type '{ orderId: string; status: $Enums.OrderStatus; message: string | undefined; actorId: string | undefined; }' is not assignable to type 'OrderStatusHistoryUncheckedCreateInput' with 'exactOptionalPropertyTypes: true'. Consider adding 'undefined' to the types of the target's properties.
      Types of property 'message' are incompatible.
        Type 'string | undefined' is not assignable to type 'string | null'.
          Type 'undefined' is not assignable to type 'string | null'.
../../packages/types/src/index.ts(25,8): error TS2307: Cannot find module '@manzil/database' or its corresponding type declarations.
../../packages/types/src/index.ts(52,8): error TS2307: Cannot find module '@manzil/database' or its corresponding type declarations.
../../packages/ui/src/data-table.tsx(12,8): error TS2307: Cannot find module '@tanstack/react-table' or its corresponding type declarations.
../../packages/ui/src/data-table.tsx(53,43): error TS7006: Parameter 'headerGroup' implicitly has an 'any' type.
../../packages/ui/src/data-table.tsx(55,43): error TS7006: Parameter 'header' implicitly has an 'any' type.
../../packages/ui/src/data-table.tsx(101,45): error TS7006: Parameter 'row' implicitly has an 'any' type.
../../packages/ui/src/data-table.tsx(110,47): error TS7006: Parameter 'cell' implicitly has an 'any' type.
../../packages/ui/src/file-upload.tsx(49,18): error TS2379: Argument of type '{ file: File; preview: string | undefined; }' is not assignable to parameter of type 'UploadedFile' with 'exactOptionalPropertyTypes: true'. Consider adding 'undefined' to the types of the target's properties.
  Types of property 'preview' are incompatible.
    Type 'string | undefined' is not assignable to type 'string'.
      Type 'undefined' is not assignable to type 'string'.
../../packages/ui/src/hijri-date.tsx(4,24): error TS2307: Cannot find module 'date-fns' or its corresponding type declarations.
../../packages/ui/src/page-loader.tsx(26,8): error TS2375: Type '{ text: string | undefined; }' is not assignable to type 'PageLoaderProps' with 'exactOptionalPropertyTypes: true'. Consider adding 'undefined' to the types of the target's properties.
  Types of property 'text' are incompatible.
    Type 'string | undefined' is not assignable to type 'string'.
      Type 'undefined' is not assignable to type 'string'.
[ELIFECYCLE] Command failed with exit code 2.
